[ 2025-01-07 02:39:11,604 ] 69 root - INFO - Starting the Data Ingestion process
[ 2025-01-07 02:39:11,604 ] 27 root - INFO - Entering the Data Ingestion method or Component
[ 2025-01-07 02:39:11,605 ] 31 root - INFO - Reading data from: notebook/data/Fuel Cell.csv
[ 2025-01-07 02:39:11,618 ] 33 root - INFO - Successfully read the data into a DataFrame
[ 2025-01-07 02:39:11,618 ] 37 root - INFO - Creating directory: data
[ 2025-01-07 02:39:11,618 ] 41 root - INFO - Saving raw data to: data/data.csv
[ 2025-01-07 02:39:11,644 ] 45 root - INFO - Initiating Train-Test Split
[ 2025-01-07 02:39:11,646 ] 49 root - INFO - Saving train data to: data/train.csv
[ 2025-01-07 02:39:11,667 ] 52 root - INFO - Saving test data to: data/test.csv
[ 2025-01-07 02:39:11,674 ] 55 root - INFO - Data Ingestion process completed successfully
[ 2025-01-07 02:39:11,674 ] 72 root - INFO - Data Ingestion Completed Successfully.
Train Data Path: data/train.csv
Test Data Path: data/test.csv
[ 2025-01-07 02:39:11,675 ] 94 root - INFO - Reading training data from data/train.csv
[ 2025-01-07 02:39:11,684 ] 97 root - INFO - Reading testing data from data/test.csv
[ 2025-01-07 02:39:11,687 ] 100 root - INFO - Preprocessing datetime features in train and test datasets
[ 2025-01-07 02:39:11,687 ] 32 root - INFO - Converting Datetime column to pandas datetime format
[ 2025-01-07 02:39:11,733 ] 36 root - INFO - Extracting Date, Month, Year, and Time from Datetime
[ 2025-01-07 02:39:11,799 ] 49 root - INFO - Dropping original Datetime and Fuel Cell Power columns
[ 2025-01-07 02:39:11,801 ] 32 root - INFO - Converting Datetime column to pandas datetime format
[ 2025-01-07 02:39:11,812 ] 36 root - INFO - Extracting Date, Month, Year, and Time from Datetime
[ 2025-01-07 02:39:11,830 ] 49 root - INFO - Dropping original Datetime and Fuel Cell Power columns
[ 2025-01-07 02:39:11,831 ] 108 root - INFO - Obtaining preprocessor object
[ 2025-01-07 02:39:11,831 ] 61 root - INFO - Creating preprocessing pipelines for numerical and categorical features
[ 2025-01-07 02:39:11,832 ] 118 root - INFO - Applying preprocessing on train and test datasets
[ 2025-01-07 02:39:11,871 ] 84 root - ERROR - An error occurred during the Data Ingestion process.
Traceback (most recent call last):
  File "/Users/abdulrasheed/Desktop/FuelCellPower/source/components/data_transformation.py", line 123, in initiate_data_transformation
    train_arr = np.c_[input_feature_train_arr, np.array(target_feature_train_df)]
  File "/Users/abdulrasheed/Desktop/FuelCellPower/.venv/lib/python3.10/site-packages/numpy/lib/index_tricks.py", line 418, in __getitem__
    res = self.concatenate(tuple(objs), axis=axis)
ValueError: all the input array dimensions except for the concatenation axis must match exactly, but along dimension 0, the array at index 0 has size 1 and the array at index 1 has size 35037

During handling of the above exception, another exception occurred:

Traceback (most recent call last):
  File "/Users/abdulrasheed/Desktop/FuelCellPower/source/components/data_ingestion.py", line 75, in <module>
    data_transformation.initiate_data_transformation(train_data, test_data)
  File "/Users/abdulrasheed/Desktop/FuelCellPower/source/components/data_transformation.py", line 136, in initiate_data_transformation
    raise CustomException(e, sys)
source.exception.CustomException: <exception str() failed>
